<?xml version="1.0" encoding="UTF-8"?>
<TestRun id="f0fec8a6-a0e9-47fa-9c72-10476d088010" name="kyota@KYOTA-PC 2013-02-21 12:02:33" runUser="kyota-PC\kyota" xmlns="http://microsoft.com/schemas/VisualStudio/TeamTest/2010">
  <TestSettings name="ローカル" id="07efbd95-af83-4854-867a-eb867ffe706f">
    <Description>これらはローカル テスト実行用の既定のテスト設定です。</Description>
    <Deployment userDeploymentRoot="D:\Spikes\Training\Training1\TestResults" useDefaultDeploymentRoot="false" runDeploymentRoot="kyota_KYOTA-PC 2013-02-21 12_02_33">
      <DeploymentItem filename="D:\Spikes\Training\Training1\Training1\bin\Release\Training1.exe" />
    </Deployment>
    <Execution>
      <TestTypeSpecific>
        <UnitTestRunConfig testTypeId="13cdc9d9-ddb5-4fa4-a97d-d965ccfc6d4b">
          <AssemblyResolution>
            <TestDirectory useLoadContext="true" />
          </AssemblyResolution>
        </UnitTestRunConfig>
      </TestTypeSpecific>
      <AgentRule name="LocalMachineDefaultRole">
        <DataCollectors>
          <DataCollector uri="datacollector://microsoft/CodeCoverage/1.0" assemblyQualifiedName="Microsoft.VisualStudio.TestTools.CodeCoverage.CoveragePlugIn, Microsoft.VisualStudio.QualityTools.Plugins.CodeCoverage, Version=10.0.0.0, Culture=neutral, PublicKeyToken=b03f5f7f11d50a3a" friendlyName="コード カバレッジ">
          </DataCollector>
        </DataCollectors>
      </AgentRule>
    </Execution>
  </TestSettings>
  <Times creation="2013-02-21T12:02:33.7491287+09:00" queuing="2013-02-21T12:02:34.2893579+09:00" start="2013-02-21T12:02:34.5077583+09:00" finish="2013-02-21T12:02:35.6567678+09:00" />
  <ResultSummary outcome="Completed">
    <Counters total="8" executed="8" passed="8" error="0" failed="0" timeout="0" aborted="0" inconclusive="0" passedButRunAborted="0" notRunnable="0" notExecuted="0" disconnected="0" warning="0" completed="0" inProgress="0" pending="0" />
  </ResultSummary>
  <TestDefinitions>
    <UnitTest name="IsNumericTest" storage="d:\spikes\training\training1\training1tests\bin\release\training1tests.dll" id="6bdf15ce-d883-4198-2f58-91b0666aa2a1">
      <DeploymentItems>
        <DeploymentItem filename="Training1.exe" />
      </DeploymentItems>
      <Execution id="06835ea6-cf13-481e-89c7-a05fc904e83f" />
      <TestMethod codeBase="D:/Spikes/Training/Training1/Training1Tests/bin/Release/Training1Tests.DLL" adapterTypeName="Microsoft.VisualStudio.TestTools.TestTypes.Unit.UnitTestAdapter, Microsoft.VisualStudio.QualityTools.Tips.UnitTest.Adapter, Version=10.0.0.0, Culture=neutral, PublicKeyToken=b03f5f7f11d50a3a" className="Training1Tests.Form1Test, Training1Tests, Version=1.0.0.0, Culture=neutral, PublicKeyToken=null" name="IsNumericTest" />
    </UnitTest>
    <UnitTest name="GetAllOperatorsTest" storage="d:\spikes\training\training1\training1tests\bin\release\training1tests.dll" id="e9b044af-67de-bd9e-efff-b1ba523a9300">
      <Execution id="651284ff-4f5e-4af5-a973-250b76264692" />
      <TestMethod codeBase="D:/Spikes/Training/Training1/Training1Tests/bin/Release/Training1Tests.DLL" adapterTypeName="Microsoft.VisualStudio.TestTools.TestTypes.Unit.UnitTestAdapter, Microsoft.VisualStudio.QualityTools.Tips.UnitTest.Adapter, Version=10.0.0.0, Culture=neutral, PublicKeyToken=b03f5f7f11d50a3a" className="Training1Tests.OperatorHelperTest, Training1Tests, Version=1.0.0.0, Culture=neutral, PublicKeyToken=null" name="GetAllOperatorsTest" />
    </UnitTest>
    <UnitTest name="InitializeFormTest" storage="d:\spikes\training\training1\training1tests\bin\release\training1tests.dll" id="9ce93b0d-d803-f84d-24b8-30b9f851cd27">
      <DeploymentItems>
        <DeploymentItem filename="Training1.exe" />
      </DeploymentItems>
      <Execution id="4b3a6601-e581-4d2c-92bc-de9d7c268ce7" />
      <TestMethod codeBase="D:/Spikes/Training/Training1/Training1Tests/bin/Release/Training1Tests.DLL" adapterTypeName="Microsoft.VisualStudio.TestTools.TestTypes.Unit.UnitTestAdapter, Microsoft.VisualStudio.QualityTools.Tips.UnitTest.Adapter, Version=10.0.0.0, Culture=neutral, PublicKeyToken=b03f5f7f11d50a3a" className="Training1Tests.Form1Test, Training1Tests, Version=1.0.0.0, Culture=neutral, PublicKeyToken=null" name="InitializeFormTest" />
    </UnitTest>
    <UnitTest name="CalcurationTest" storage="d:\spikes\training\training1\training1tests\bin\release\training1tests.dll" id="581c5356-29ed-b7d4-ef75-c8bb9147f637">
      <Execution id="ade6f626-dba9-4bf1-b390-750df6dec846" />
      <TestMethod codeBase="D:/Spikes/Training/Training1/Training1Tests/bin/Release/Training1Tests.DLL" adapterTypeName="Microsoft.VisualStudio.TestTools.TestTypes.Unit.UnitTestAdapter, Microsoft.VisualStudio.QualityTools.Tips.UnitTest.Adapter, Version=10.0.0.0, Culture=neutral, PublicKeyToken=b03f5f7f11d50a3a" className="Training1Tests.OperatorHelperTest, Training1Tests, Version=1.0.0.0, Culture=neutral, PublicKeyToken=null" name="CalcurationTest" />
    </UnitTest>
    <UnitTest name="ToSignTest" storage="d:\spikes\training\training1\training1tests\bin\release\training1tests.dll" id="61229d65-f4f0-6f47-87f0-cdf79873e45f">
      <Execution id="06d50666-868a-476f-8e1e-64f7919fcabb" />
      <TestMethod codeBase="D:/Spikes/Training/Training1/Training1Tests/bin/Release/Training1Tests.DLL" adapterTypeName="Microsoft.VisualStudio.TestTools.TestTypes.Unit.UnitTestAdapter, Microsoft.VisualStudio.QualityTools.Tips.UnitTest.Adapter, Version=10.0.0.0, Culture=neutral, PublicKeyToken=b03f5f7f11d50a3a" className="Training1Tests.OperatorExtensionTest, Training1Tests, Version=1.0.0.0, Culture=neutral, PublicKeyToken=null" name="ToSignTest" />
    </UnitTest>
    <UnitTest name="CalcTest" storage="d:\spikes\training\training1\training1tests\bin\release\training1tests.dll" id="69f67da5-0371-4616-a584-4a94ff72a0fa">
      <DeploymentItems>
        <DeploymentItem filename="Training1.exe" />
      </DeploymentItems>
      <Execution id="87aa83dc-d6c9-464b-9c1e-daa89be17bd6" />
      <TestMethod codeBase="D:/Spikes/Training/Training1/Training1Tests/bin/Release/Training1Tests.DLL" adapterTypeName="Microsoft.VisualStudio.TestTools.TestTypes.Unit.UnitTestAdapter, Microsoft.VisualStudio.QualityTools.Tips.UnitTest.Adapter, Version=10.0.0.0, Culture=neutral, PublicKeyToken=b03f5f7f11d50a3a" className="Training1Tests.Form1Test, Training1Tests, Version=1.0.0.0, Culture=neutral, PublicKeyToken=null" name="CalcTest" />
    </UnitTest>
    <UnitTest name="SignToOperatorsTest" storage="d:\spikes\training\training1\training1tests\bin\release\training1tests.dll" id="8c41f88d-c195-a1e2-0eff-4ef1f1c2fe14">
      <Execution id="5c176e5a-45cf-4ce5-8d19-0b9746f48570" />
      <TestMethod codeBase="D:/Spikes/Training/Training1/Training1Tests/bin/Release/Training1Tests.DLL" adapterTypeName="Microsoft.VisualStudio.TestTools.TestTypes.Unit.UnitTestAdapter, Microsoft.VisualStudio.QualityTools.Tips.UnitTest.Adapter, Version=10.0.0.0, Culture=neutral, PublicKeyToken=b03f5f7f11d50a3a" className="Training1Tests.OperatorHelperTest, Training1Tests, Version=1.0.0.0, Culture=neutral, PublicKeyToken=null" name="SignToOperatorsTest" />
    </UnitTest>
    <UnitTest name="ToIntTest" storage="d:\spikes\training\training1\training1tests\bin\release\training1tests.dll" id="dadc2ea9-4bfe-b3ab-36a0-89576fd1b415">
      <Execution id="b7b21663-f904-4244-80de-9254c0bfb6b7" />
      <TestMethod codeBase="D:/Spikes/Training/Training1/Training1Tests/bin/Release/Training1Tests.DLL" adapterTypeName="Microsoft.VisualStudio.TestTools.TestTypes.Unit.UnitTestAdapter, Microsoft.VisualStudio.QualityTools.Tips.UnitTest.Adapter, Version=10.0.0.0, Culture=neutral, PublicKeyToken=b03f5f7f11d50a3a" className="Training1Tests.TextBoxExtensionsTest, Training1Tests, Version=1.0.0.0, Culture=neutral, PublicKeyToken=null" name="ToIntTest" />
    </UnitTest>
  </TestDefinitions>
  <TestLists>
    <TestList name="一覧に存在しない結果" id="8c84fa94-04c1-424b-9868-57a2d4851a1d" />
    <TestList name="読み込まれたすべての結果" id="19431567-8539-422a-85d7-44ee4e166bda" />
  </TestLists>
  <TestEntries>
    <TestEntry testId="581c5356-29ed-b7d4-ef75-c8bb9147f637" executionId="ade6f626-dba9-4bf1-b390-750df6dec846" testListId="8c84fa94-04c1-424b-9868-57a2d4851a1d" />
    <TestEntry testId="61229d65-f4f0-6f47-87f0-cdf79873e45f" executionId="06d50666-868a-476f-8e1e-64f7919fcabb" testListId="8c84fa94-04c1-424b-9868-57a2d4851a1d" />
    <TestEntry testId="69f67da5-0371-4616-a584-4a94ff72a0fa" executionId="87aa83dc-d6c9-464b-9c1e-daa89be17bd6" testListId="8c84fa94-04c1-424b-9868-57a2d4851a1d" />
    <TestEntry testId="6bdf15ce-d883-4198-2f58-91b0666aa2a1" executionId="06835ea6-cf13-481e-89c7-a05fc904e83f" testListId="8c84fa94-04c1-424b-9868-57a2d4851a1d" />
    <TestEntry testId="8c41f88d-c195-a1e2-0eff-4ef1f1c2fe14" executionId="5c176e5a-45cf-4ce5-8d19-0b9746f48570" testListId="8c84fa94-04c1-424b-9868-57a2d4851a1d" />
    <TestEntry testId="9ce93b0d-d803-f84d-24b8-30b9f851cd27" executionId="4b3a6601-e581-4d2c-92bc-de9d7c268ce7" testListId="8c84fa94-04c1-424b-9868-57a2d4851a1d" />
    <TestEntry testId="dadc2ea9-4bfe-b3ab-36a0-89576fd1b415" executionId="b7b21663-f904-4244-80de-9254c0bfb6b7" testListId="8c84fa94-04c1-424b-9868-57a2d4851a1d" />
    <TestEntry testId="e9b044af-67de-bd9e-efff-b1ba523a9300" executionId="651284ff-4f5e-4af5-a973-250b76264692" testListId="8c84fa94-04c1-424b-9868-57a2d4851a1d" />
  </TestEntries>
  <Results>
    <UnitTestResult executionId="ade6f626-dba9-4bf1-b390-750df6dec846" testId="581c5356-29ed-b7d4-ef75-c8bb9147f637" testName="CalcurationTest" computerName="KYOTA-PC" duration="00:00:00.0381712" startTime="2013-02-21T12:02:35.0693593+09:00" endTime="2013-02-21T12:02:35.3813598+09:00" testType="13cdc9d9-ddb5-4fa4-a97d-d965ccfc6d4b" outcome="Passed" testListId="8c84fa94-04c1-424b-9868-57a2d4851a1d" relativeResultsDirectory="ade6f626-dba9-4bf1-b390-750df6dec846">
    </UnitTestResult>
    <UnitTestResult executionId="06d50666-868a-476f-8e1e-64f7919fcabb" testId="61229d65-f4f0-6f47-87f0-cdf79873e45f" testName="ToSignTest" computerName="KYOTA-PC" duration="00:00:00.0007577" startTime="2013-02-21T12:02:35.3813598+09:00" endTime="2013-02-21T12:02:35.3969598+09:00" testType="13cdc9d9-ddb5-4fa4-a97d-d965ccfc6d4b" outcome="Passed" testListId="8c84fa94-04c1-424b-9868-57a2d4851a1d" relativeResultsDirectory="06d50666-868a-476f-8e1e-64f7919fcabb">
    </UnitTestResult>
    <UnitTestResult executionId="87aa83dc-d6c9-464b-9c1e-daa89be17bd6" testId="69f67da5-0371-4616-a584-4a94ff72a0fa" testName="CalcTest" computerName="KYOTA-PC" duration="00:00:00.0505808" startTime="2013-02-21T12:02:35.3969598+09:00" endTime="2013-02-21T12:02:35.4593599+09:00" testType="13cdc9d9-ddb5-4fa4-a97d-d965ccfc6d4b" outcome="Passed" testListId="8c84fa94-04c1-424b-9868-57a2d4851a1d" relativeResultsDirectory="87aa83dc-d6c9-464b-9c1e-daa89be17bd6">
    </UnitTestResult>
    <UnitTestResult executionId="06835ea6-cf13-481e-89c7-a05fc904e83f" testId="6bdf15ce-d883-4198-2f58-91b0666aa2a1" testName="IsNumericTest" computerName="KYOTA-PC" duration="00:00:00.0047099" startTime="2013-02-21T12:02:35.4593599+09:00" endTime="2013-02-21T12:02:35.4749600+09:00" testType="13cdc9d9-ddb5-4fa4-a97d-d965ccfc6d4b" outcome="Passed" testListId="8c84fa94-04c1-424b-9868-57a2d4851a1d" relativeResultsDirectory="06835ea6-cf13-481e-89c7-a05fc904e83f">
    </UnitTestResult>
    <UnitTestResult executionId="5c176e5a-45cf-4ce5-8d19-0b9746f48570" testId="8c41f88d-c195-a1e2-0eff-4ef1f1c2fe14" testName="SignToOperatorsTest" computerName="KYOTA-PC" duration="00:00:00.0015346" startTime="2013-02-21T12:02:35.4749600+09:00" endTime="2013-02-21T12:02:35.4749600+09:00" testType="13cdc9d9-ddb5-4fa4-a97d-d965ccfc6d4b" outcome="Passed" testListId="8c84fa94-04c1-424b-9868-57a2d4851a1d" relativeResultsDirectory="5c176e5a-45cf-4ce5-8d19-0b9746f48570">
    </UnitTestResult>
    <UnitTestResult executionId="4b3a6601-e581-4d2c-92bc-de9d7c268ce7" testId="9ce93b0d-d803-f84d-24b8-30b9f851cd27" testName="InitializeFormTest" computerName="KYOTA-PC" duration="00:00:00.0040040" startTime="2013-02-21T12:02:35.4905600+09:00" endTime="2013-02-21T12:02:35.5061600+09:00" testType="13cdc9d9-ddb5-4fa4-a97d-d965ccfc6d4b" outcome="Passed" testListId="8c84fa94-04c1-424b-9868-57a2d4851a1d" relativeResultsDirectory="4b3a6601-e581-4d2c-92bc-de9d7c268ce7">
    </UnitTestResult>
    <UnitTestResult executionId="b7b21663-f904-4244-80de-9254c0bfb6b7" testId="dadc2ea9-4bfe-b3ab-36a0-89576fd1b415" testName="ToIntTest" computerName="KYOTA-PC" duration="00:00:00.0198343" startTime="2013-02-21T12:02:35.5061600+09:00" endTime="2013-02-21T12:02:35.5477615+09:00" testType="13cdc9d9-ddb5-4fa4-a97d-d965ccfc6d4b" outcome="Passed" testListId="8c84fa94-04c1-424b-9868-57a2d4851a1d" relativeResultsDirectory="b7b21663-f904-4244-80de-9254c0bfb6b7">
    </UnitTestResult>
    <UnitTestResult executionId="651284ff-4f5e-4af5-a973-250b76264692" testId="e9b044af-67de-bd9e-efff-b1ba523a9300" testName="GetAllOperatorsTest" computerName="KYOTA-PC" duration="00:00:00.0003000" startTime="2013-02-21T12:02:35.5497617+09:00" endTime="2013-02-21T12:02:35.5537619+09:00" testType="13cdc9d9-ddb5-4fa4-a97d-d965ccfc6d4b" outcome="Passed" testListId="8c84fa94-04c1-424b-9868-57a2d4851a1d" relativeResultsDirectory="651284ff-4f5e-4af5-a973-250b76264692">
    </UnitTestResult>
  </Results>
</TestRun>