<?xml version="1.0" encoding="UTF-8"?>
<TestRun id="0bc29e2d-09a8-4b0c-94e6-18d40990557c" name="kyota@KYOTA-PC 2013-02-21 12:01:09" runUser="kyota-PC\kyota" xmlns="http://microsoft.com/schemas/VisualStudio/TeamTest/2010">
  <TestSettings name="ローカル" id="07efbd95-af83-4854-867a-eb867ffe706f">
    <Description>これらはローカル テスト実行用の既定のテスト設定です。</Description>
    <Deployment userDeploymentRoot="D:\Spikes\Training\Training1\TestResults" useDefaultDeploymentRoot="false" runDeploymentRoot="kyota_KYOTA-PC 2013-02-21 12_01_09">
      <DeploymentItem filename="D:\Spikes\Training\Training1\Training1\bin\Release\Training1.exe" />
    </Deployment>
    <Execution>
      <TestTypeSpecific>
        <UnitTestRunConfig testTypeId="13cdc9d9-ddb5-4fa4-a97d-d965ccfc6d4b">
          <AssemblyResolution>
            <TestDirectory useLoadContext="true" />
          </AssemblyResolution>
        </UnitTestRunConfig>
      </TestTypeSpecific>
      <AgentRule name="LocalMachineDefaultRole">
        <DataCollectors>
          <DataCollector uri="datacollector://microsoft/CodeCoverage/1.0" assemblyQualifiedName="Microsoft.VisualStudio.TestTools.CodeCoverage.CoveragePlugIn, Microsoft.VisualStudio.QualityTools.Plugins.CodeCoverage, Version=10.0.0.0, Culture=neutral, PublicKeyToken=b03f5f7f11d50a3a" friendlyName="コード カバレッジ">
          </DataCollector>
        </DataCollectors>
      </AgentRule>
    </Execution>
  </TestSettings>
  <Times creation="2013-02-21T12:01:09.0958490+09:00" queuing="2013-02-21T12:01:09.7006767+09:00" start="2013-02-21T12:01:09.9234782+09:00" finish="2013-02-21T12:01:11.1209086+09:00" />
  <ResultSummary outcome="Completed">
    <Counters total="8" executed="8" passed="8" error="0" failed="0" timeout="0" aborted="0" inconclusive="0" passedButRunAborted="0" notRunnable="0" notExecuted="0" disconnected="0" warning="0" completed="0" inProgress="0" pending="0" />
  </ResultSummary>
  <TestDefinitions>
    <UnitTest name="IsNumericTest" storage="d:\spikes\training\training1\training1tests\bin\release\training1tests.dll" id="6bdf15ce-d883-4198-2f58-91b0666aa2a1">
      <DeploymentItems>
        <DeploymentItem filename="Training1.exe" />
      </DeploymentItems>
      <Execution id="8dfd9864-d65f-4ea6-9f88-b749ab9bb206" />
      <TestMethod codeBase="D:/Spikes/Training/Training1/Training1Tests/bin/Release/Training1Tests.DLL" adapterTypeName="Microsoft.VisualStudio.TestTools.TestTypes.Unit.UnitTestAdapter, Microsoft.VisualStudio.QualityTools.Tips.UnitTest.Adapter, Version=10.0.0.0, Culture=neutral, PublicKeyToken=b03f5f7f11d50a3a" className="Training1Tests.Form1Test, Training1Tests, Version=1.0.0.0, Culture=neutral, PublicKeyToken=null" name="IsNumericTest" />
    </UnitTest>
    <UnitTest name="GetAllOperatorsTest" storage="d:\spikes\training\training1\training1tests\bin\release\training1tests.dll" id="e9b044af-67de-bd9e-efff-b1ba523a9300">
      <Execution id="a795e37b-92cb-4a62-888e-7ca1bd38ee2a" />
      <TestMethod codeBase="D:/Spikes/Training/Training1/Training1Tests/bin/Release/Training1Tests.DLL" adapterTypeName="Microsoft.VisualStudio.TestTools.TestTypes.Unit.UnitTestAdapter, Microsoft.VisualStudio.QualityTools.Tips.UnitTest.Adapter, Version=10.0.0.0, Culture=neutral, PublicKeyToken=b03f5f7f11d50a3a" className="Training1Tests.OperatorHelperTest, Training1Tests, Version=1.0.0.0, Culture=neutral, PublicKeyToken=null" name="GetAllOperatorsTest" />
    </UnitTest>
    <UnitTest name="InitializeFormTest" storage="d:\spikes\training\training1\training1tests\bin\release\training1tests.dll" id="9ce93b0d-d803-f84d-24b8-30b9f851cd27">
      <DeploymentItems>
        <DeploymentItem filename="Training1.exe" />
      </DeploymentItems>
      <Execution id="6aaf80aa-5feb-40da-b45c-4be3ef8e432c" />
      <TestMethod codeBase="D:/Spikes/Training/Training1/Training1Tests/bin/Release/Training1Tests.DLL" adapterTypeName="Microsoft.VisualStudio.TestTools.TestTypes.Unit.UnitTestAdapter, Microsoft.VisualStudio.QualityTools.Tips.UnitTest.Adapter, Version=10.0.0.0, Culture=neutral, PublicKeyToken=b03f5f7f11d50a3a" className="Training1Tests.Form1Test, Training1Tests, Version=1.0.0.0, Culture=neutral, PublicKeyToken=null" name="InitializeFormTest" />
    </UnitTest>
    <UnitTest name="CalcurationTest" storage="d:\spikes\training\training1\training1tests\bin\release\training1tests.dll" id="581c5356-29ed-b7d4-ef75-c8bb9147f637">
      <Execution id="6a328f92-b86c-4463-baf5-0f1ea3952251" />
      <TestMethod codeBase="D:/Spikes/Training/Training1/Training1Tests/bin/Release/Training1Tests.DLL" adapterTypeName="Microsoft.VisualStudio.TestTools.TestTypes.Unit.UnitTestAdapter, Microsoft.VisualStudio.QualityTools.Tips.UnitTest.Adapter, Version=10.0.0.0, Culture=neutral, PublicKeyToken=b03f5f7f11d50a3a" className="Training1Tests.OperatorHelperTest, Training1Tests, Version=1.0.0.0, Culture=neutral, PublicKeyToken=null" name="CalcurationTest" />
    </UnitTest>
    <UnitTest name="ToSignTest" storage="d:\spikes\training\training1\training1tests\bin\release\training1tests.dll" id="61229d65-f4f0-6f47-87f0-cdf79873e45f">
      <Execution id="d5f625de-69bf-4866-abd0-9214b6d20348" />
      <TestMethod codeBase="D:/Spikes/Training/Training1/Training1Tests/bin/Release/Training1Tests.DLL" adapterTypeName="Microsoft.VisualStudio.TestTools.TestTypes.Unit.UnitTestAdapter, Microsoft.VisualStudio.QualityTools.Tips.UnitTest.Adapter, Version=10.0.0.0, Culture=neutral, PublicKeyToken=b03f5f7f11d50a3a" className="Training1Tests.OperatorExtensionTest, Training1Tests, Version=1.0.0.0, Culture=neutral, PublicKeyToken=null" name="ToSignTest" />
    </UnitTest>
    <UnitTest name="CalcTest" storage="d:\spikes\training\training1\training1tests\bin\release\training1tests.dll" id="69f67da5-0371-4616-a584-4a94ff72a0fa">
      <DeploymentItems>
        <DeploymentItem filename="Training1.exe" />
      </DeploymentItems>
      <Execution id="0af2ceb6-d805-49d3-83bc-879c5bd31339" />
      <TestMethod codeBase="D:/Spikes/Training/Training1/Training1Tests/bin/Release/Training1Tests.DLL" adapterTypeName="Microsoft.VisualStudio.TestTools.TestTypes.Unit.UnitTestAdapter, Microsoft.VisualStudio.QualityTools.Tips.UnitTest.Adapter, Version=10.0.0.0, Culture=neutral, PublicKeyToken=b03f5f7f11d50a3a" className="Training1Tests.Form1Test, Training1Tests, Version=1.0.0.0, Culture=neutral, PublicKeyToken=null" name="CalcTest" />
    </UnitTest>
    <UnitTest name="SignToOperatorsTest" storage="d:\spikes\training\training1\training1tests\bin\release\training1tests.dll" id="8c41f88d-c195-a1e2-0eff-4ef1f1c2fe14">
      <Execution id="056a33c3-326f-461f-8d76-304516b59930" />
      <TestMethod codeBase="D:/Spikes/Training/Training1/Training1Tests/bin/Release/Training1Tests.DLL" adapterTypeName="Microsoft.VisualStudio.TestTools.TestTypes.Unit.UnitTestAdapter, Microsoft.VisualStudio.QualityTools.Tips.UnitTest.Adapter, Version=10.0.0.0, Culture=neutral, PublicKeyToken=b03f5f7f11d50a3a" className="Training1Tests.OperatorHelperTest, Training1Tests, Version=1.0.0.0, Culture=neutral, PublicKeyToken=null" name="SignToOperatorsTest" />
    </UnitTest>
    <UnitTest name="ToIntTest" storage="d:\spikes\training\training1\training1tests\bin\release\training1tests.dll" id="dadc2ea9-4bfe-b3ab-36a0-89576fd1b415">
      <Execution id="db1b3a4c-7391-47bc-9e69-32a3b64a5daa" />
      <TestMethod codeBase="D:/Spikes/Training/Training1/Training1Tests/bin/Release/Training1Tests.DLL" adapterTypeName="Microsoft.VisualStudio.TestTools.TestTypes.Unit.UnitTestAdapter, Microsoft.VisualStudio.QualityTools.Tips.UnitTest.Adapter, Version=10.0.0.0, Culture=neutral, PublicKeyToken=b03f5f7f11d50a3a" className="Training1Tests.TextBoxExtensionsTest, Training1Tests, Version=1.0.0.0, Culture=neutral, PublicKeyToken=null" name="ToIntTest" />
    </UnitTest>
  </TestDefinitions>
  <TestLists>
    <TestList name="一覧に存在しない結果" id="8c84fa94-04c1-424b-9868-57a2d4851a1d" />
    <TestList name="読み込まれたすべての結果" id="19431567-8539-422a-85d7-44ee4e166bda" />
  </TestLists>
  <TestEntries>
    <TestEntry testId="581c5356-29ed-b7d4-ef75-c8bb9147f637" executionId="6a328f92-b86c-4463-baf5-0f1ea3952251" testListId="8c84fa94-04c1-424b-9868-57a2d4851a1d" />
    <TestEntry testId="61229d65-f4f0-6f47-87f0-cdf79873e45f" executionId="d5f625de-69bf-4866-abd0-9214b6d20348" testListId="8c84fa94-04c1-424b-9868-57a2d4851a1d" />
    <TestEntry testId="69f67da5-0371-4616-a584-4a94ff72a0fa" executionId="0af2ceb6-d805-49d3-83bc-879c5bd31339" testListId="8c84fa94-04c1-424b-9868-57a2d4851a1d" />
    <TestEntry testId="6bdf15ce-d883-4198-2f58-91b0666aa2a1" executionId="8dfd9864-d65f-4ea6-9f88-b749ab9bb206" testListId="8c84fa94-04c1-424b-9868-57a2d4851a1d" />
    <TestEntry testId="8c41f88d-c195-a1e2-0eff-4ef1f1c2fe14" executionId="056a33c3-326f-461f-8d76-304516b59930" testListId="8c84fa94-04c1-424b-9868-57a2d4851a1d" />
    <TestEntry testId="9ce93b0d-d803-f84d-24b8-30b9f851cd27" executionId="6aaf80aa-5feb-40da-b45c-4be3ef8e432c" testListId="8c84fa94-04c1-424b-9868-57a2d4851a1d" />
    <TestEntry testId="dadc2ea9-4bfe-b3ab-36a0-89576fd1b415" executionId="db1b3a4c-7391-47bc-9e69-32a3b64a5daa" testListId="8c84fa94-04c1-424b-9868-57a2d4851a1d" />
    <TestEntry testId="e9b044af-67de-bd9e-efff-b1ba523a9300" executionId="a795e37b-92cb-4a62-888e-7ca1bd38ee2a" testListId="8c84fa94-04c1-424b-9868-57a2d4851a1d" />
  </TestEntries>
  <Results>
    <UnitTestResult executionId="6a328f92-b86c-4463-baf5-0f1ea3952251" testId="581c5356-29ed-b7d4-ef75-c8bb9147f637" testName="CalcurationTest" computerName="KYOTA-PC" duration="00:00:00.0388996" startTime="2013-02-21T12:01:10.5749077+09:00" endTime="2013-02-21T12:01:10.9025083+09:00" testType="13cdc9d9-ddb5-4fa4-a97d-d965ccfc6d4b" outcome="Passed" testListId="8c84fa94-04c1-424b-9868-57a2d4851a1d" relativeResultsDirectory="6a328f92-b86c-4463-baf5-0f1ea3952251">
    </UnitTestResult>
    <UnitTestResult executionId="d5f625de-69bf-4866-abd0-9214b6d20348" testId="61229d65-f4f0-6f47-87f0-cdf79873e45f" testName="ToSignTest" computerName="KYOTA-PC" duration="00:00:00.0007619" startTime="2013-02-21T12:01:10.9025083+09:00" endTime="2013-02-21T12:01:10.9025083+09:00" testType="13cdc9d9-ddb5-4fa4-a97d-d965ccfc6d4b" outcome="Passed" testListId="8c84fa94-04c1-424b-9868-57a2d4851a1d" relativeResultsDirectory="d5f625de-69bf-4866-abd0-9214b6d20348">
    </UnitTestResult>
    <UnitTestResult executionId="0af2ceb6-d805-49d3-83bc-879c5bd31339" testId="69f67da5-0371-4616-a584-4a94ff72a0fa" testName="CalcTest" computerName="KYOTA-PC" duration="00:00:00.0536758" startTime="2013-02-21T12:01:10.9181083+09:00" endTime="2013-02-21T12:01:10.9649084+09:00" testType="13cdc9d9-ddb5-4fa4-a97d-d965ccfc6d4b" outcome="Passed" testListId="8c84fa94-04c1-424b-9868-57a2d4851a1d" relativeResultsDirectory="0af2ceb6-d805-49d3-83bc-879c5bd31339">
    </UnitTestResult>
    <UnitTestResult executionId="8dfd9864-d65f-4ea6-9f88-b749ab9bb206" testId="6bdf15ce-d883-4198-2f58-91b0666aa2a1" testName="IsNumericTest" computerName="KYOTA-PC" duration="00:00:00.0043147" startTime="2013-02-21T12:01:10.9805084+09:00" endTime="2013-02-21T12:01:10.9961084+09:00" testType="13cdc9d9-ddb5-4fa4-a97d-d965ccfc6d4b" outcome="Passed" testListId="8c84fa94-04c1-424b-9868-57a2d4851a1d" relativeResultsDirectory="8dfd9864-d65f-4ea6-9f88-b749ab9bb206">
    </UnitTestResult>
    <UnitTestResult executionId="056a33c3-326f-461f-8d76-304516b59930" testId="8c41f88d-c195-a1e2-0eff-4ef1f1c2fe14" testName="SignToOperatorsTest" computerName="KYOTA-PC" duration="00:00:00.0014152" startTime="2013-02-21T12:01:10.9961084+09:00" endTime="2013-02-21T12:01:11.0117084+09:00" testType="13cdc9d9-ddb5-4fa4-a97d-d965ccfc6d4b" outcome="Passed" testListId="8c84fa94-04c1-424b-9868-57a2d4851a1d" relativeResultsDirectory="056a33c3-326f-461f-8d76-304516b59930">
    </UnitTestResult>
    <UnitTestResult executionId="6aaf80aa-5feb-40da-b45c-4be3ef8e432c" testId="9ce93b0d-d803-f84d-24b8-30b9f851cd27" testName="InitializeFormTest" computerName="KYOTA-PC" duration="00:00:00.0025332" startTime="2013-02-21T12:01:11.0117084+09:00" endTime="2013-02-21T12:01:11.0273085+09:00" testType="13cdc9d9-ddb5-4fa4-a97d-d965ccfc6d4b" outcome="Passed" testListId="8c84fa94-04c1-424b-9868-57a2d4851a1d" relativeResultsDirectory="6aaf80aa-5feb-40da-b45c-4be3ef8e432c">
    </UnitTestResult>
    <UnitTestResult executionId="db1b3a4c-7391-47bc-9e69-32a3b64a5daa" testId="dadc2ea9-4bfe-b3ab-36a0-89576fd1b415" testName="ToIntTest" computerName="KYOTA-PC" duration="00:00:00.0123689" startTime="2013-02-21T12:01:11.0273085+09:00" endTime="2013-02-21T12:01:11.0429085+09:00" testType="13cdc9d9-ddb5-4fa4-a97d-d965ccfc6d4b" outcome="Passed" testListId="8c84fa94-04c1-424b-9868-57a2d4851a1d" relativeResultsDirectory="db1b3a4c-7391-47bc-9e69-32a3b64a5daa">
    </UnitTestResult>
    <UnitTestResult executionId="a795e37b-92cb-4a62-888e-7ca1bd38ee2a" testId="e9b044af-67de-bd9e-efff-b1ba523a9300" testName="GetAllOperatorsTest" computerName="KYOTA-PC" duration="00:00:00.0003088" startTime="2013-02-21T12:01:11.0429085+09:00" endTime="2013-02-21T12:01:11.0585085+09:00" testType="13cdc9d9-ddb5-4fa4-a97d-d965ccfc6d4b" outcome="Passed" testListId="8c84fa94-04c1-424b-9868-57a2d4851a1d" relativeResultsDirectory="a795e37b-92cb-4a62-888e-7ca1bd38ee2a">
    </UnitTestResult>
  </Results>
</TestRun>