<?xml version="1.0" encoding="UTF-8"?>
<TestRun id="f79ece5b-b2a4-45f5-b285-fdf71f242883" name="kyota@KYOTA-PC 2013-02-21 11:54:21" runUser="kyota-PC\kyota" xmlns="http://microsoft.com/schemas/VisualStudio/TeamTest/2010">
  <TestSettings name="ローカル" id="07efbd95-af83-4854-867a-eb867ffe706f">
    <Description>これらはローカル テスト実行用の既定のテスト設定です。</Description>
    <Deployment enabled="false" runDeploymentRoot="kyota_KYOTA-PC 2013-02-21 11_54_21">
      <DeploymentItem filename="D:\Spikes\Training\Training1\Training1\bin\Debug\Training1.exe" />
    </Deployment>
    <Execution>
      <TestTypeSpecific>
        <UnitTestRunConfig testTypeId="13cdc9d9-ddb5-4fa4-a97d-d965ccfc6d4b">
          <AssemblyResolution>
            <TestDirectory useLoadContext="true" />
          </AssemblyResolution>
        </UnitTestRunConfig>
      </TestTypeSpecific>
      <AgentRule name="LocalMachineDefaultRole">
      </AgentRule>
    </Execution>
  </TestSettings>
  <Times creation="2013-02-21T11:54:21.9818443+09:00" queuing="2013-02-21T11:54:43.2328392+09:00" start="2013-02-21T11:54:43.5604398+09:00" finish="2013-02-21T11:54:44.8708421+09:00" />
  <ResultSummary outcome="Warning">
    <Counters total="8" executed="8" passed="8" error="0" failed="0" timeout="0" aborted="0" inconclusive="0" passedButRunAborted="0" notRunnable="0" notExecuted="0" disconnected="0" warning="0" completed="0" inProgress="0" pending="0" />
    <RunInfos>
      <RunInfo computerName="KYOTA-PC" outcome="Warning" timestamp="2013-02-21T11:54:41.6416364+09:00">
        <Text>配置は現在無効になっています。テスト 'Training1Tests.Form1Test.IsNumericTest' の配置項目 'Training1.exe' は配置されていません。</Text>
      </RunInfo>
    </RunInfos>
  </ResultSummary>
  <TestDefinitions>
    <UnitTest name="IsNumericTest" storage="d:\spikes\training\training1\training1tests\bin\debug\training1tests.dll" id="6bdf15ce-d883-4198-2f58-91b0666aa2a1">
      <DeploymentItems>
        <DeploymentItem filename="Training1.exe" />
      </DeploymentItems>
      <Execution id="efe37016-8789-4191-9265-3ca0c07feb8e" />
      <TestMethod codeBase="D:/Spikes/Training/Training1/Training1Tests/bin/Debug/Training1Tests.DLL" adapterTypeName="Microsoft.VisualStudio.TestTools.TestTypes.Unit.UnitTestAdapter, Microsoft.VisualStudio.QualityTools.Tips.UnitTest.Adapter, Version=10.0.0.0, Culture=neutral, PublicKeyToken=b03f5f7f11d50a3a" className="Training1Tests.Form1Test, Training1Tests, Version=1.0.0.0, Culture=neutral, PublicKeyToken=null" name="IsNumericTest" />
    </UnitTest>
    <UnitTest name="InitializeFormTest" storage="d:\spikes\training\training1\training1tests\bin\debug\training1tests.dll" id="9ce93b0d-d803-f84d-24b8-30b9f851cd27">
      <DeploymentItems>
        <DeploymentItem filename="Training1.exe" />
      </DeploymentItems>
      <Execution id="1d1259ce-e56f-427a-a6ff-0677aa78f7c2" />
      <TestMethod codeBase="D:/Spikes/Training/Training1/Training1Tests/bin/Debug/Training1Tests.DLL" adapterTypeName="Microsoft.VisualStudio.TestTools.TestTypes.Unit.UnitTestAdapter, Microsoft.VisualStudio.QualityTools.Tips.UnitTest.Adapter, Version=10.0.0.0, Culture=neutral, PublicKeyToken=b03f5f7f11d50a3a" className="Training1Tests.Form1Test, Training1Tests, Version=1.0.0.0, Culture=neutral, PublicKeyToken=null" name="InitializeFormTest" />
    </UnitTest>
    <UnitTest name="GetAllOperatorsTest" storage="d:\spikes\training\training1\training1tests\bin\debug\training1tests.dll" id="e9b044af-67de-bd9e-efff-b1ba523a9300">
      <Execution id="a6dfb622-bbd5-418d-90de-7dd65099bb1d" />
      <TestMethod codeBase="D:/Spikes/Training/Training1/Training1Tests/bin/Debug/Training1Tests.DLL" adapterTypeName="Microsoft.VisualStudio.TestTools.TestTypes.Unit.UnitTestAdapter, Microsoft.VisualStudio.QualityTools.Tips.UnitTest.Adapter, Version=10.0.0.0, Culture=neutral, PublicKeyToken=b03f5f7f11d50a3a" className="Training1Tests.OperatorHelperTest, Training1Tests, Version=1.0.0.0, Culture=neutral, PublicKeyToken=null" name="GetAllOperatorsTest" />
    </UnitTest>
    <UnitTest name="CalcurationTest" storage="d:\spikes\training\training1\training1tests\bin\debug\training1tests.dll" id="581c5356-29ed-b7d4-ef75-c8bb9147f637">
      <Execution id="1f1ec5df-b54b-4171-9547-3b8313d159bf" />
      <TestMethod codeBase="D:/Spikes/Training/Training1/Training1Tests/bin/Debug/Training1Tests.DLL" adapterTypeName="Microsoft.VisualStudio.TestTools.TestTypes.Unit.UnitTestAdapter, Microsoft.VisualStudio.QualityTools.Tips.UnitTest.Adapter, Version=10.0.0.0, Culture=neutral, PublicKeyToken=b03f5f7f11d50a3a" className="Training1Tests.OperatorHelperTest, Training1Tests, Version=1.0.0.0, Culture=neutral, PublicKeyToken=null" name="CalcurationTest" />
    </UnitTest>
    <UnitTest name="ToSignTest" storage="d:\spikes\training\training1\training1tests\bin\debug\training1tests.dll" id="61229d65-f4f0-6f47-87f0-cdf79873e45f">
      <Execution id="03091dd2-5a73-4d93-b950-5ae508028aa8" />
      <TestMethod codeBase="D:/Spikes/Training/Training1/Training1Tests/bin/Debug/Training1Tests.DLL" adapterTypeName="Microsoft.VisualStudio.TestTools.TestTypes.Unit.UnitTestAdapter, Microsoft.VisualStudio.QualityTools.Tips.UnitTest.Adapter, Version=10.0.0.0, Culture=neutral, PublicKeyToken=b03f5f7f11d50a3a" className="Training1Tests.OperatorExtensionTest, Training1Tests, Version=1.0.0.0, Culture=neutral, PublicKeyToken=null" name="ToSignTest" />
    </UnitTest>
    <UnitTest name="CalcTest" storage="d:\spikes\training\training1\training1tests\bin\debug\training1tests.dll" id="69f67da5-0371-4616-a584-4a94ff72a0fa">
      <DeploymentItems>
        <DeploymentItem filename="Training1.exe" />
      </DeploymentItems>
      <Execution id="fd36b457-2156-423d-9014-4ce99aedc2c7" />
      <TestMethod codeBase="D:/Spikes/Training/Training1/Training1Tests/bin/Debug/Training1Tests.DLL" adapterTypeName="Microsoft.VisualStudio.TestTools.TestTypes.Unit.UnitTestAdapter, Microsoft.VisualStudio.QualityTools.Tips.UnitTest.Adapter, Version=10.0.0.0, Culture=neutral, PublicKeyToken=b03f5f7f11d50a3a" className="Training1Tests.Form1Test, Training1Tests, Version=1.0.0.0, Culture=neutral, PublicKeyToken=null" name="CalcTest" />
    </UnitTest>
    <UnitTest name="SignToOperatorsTest" storage="d:\spikes\training\training1\training1tests\bin\debug\training1tests.dll" id="8c41f88d-c195-a1e2-0eff-4ef1f1c2fe14">
      <Execution id="b28b3c92-4e90-4865-83f3-556f54984b02" />
      <TestMethod codeBase="D:/Spikes/Training/Training1/Training1Tests/bin/Debug/Training1Tests.DLL" adapterTypeName="Microsoft.VisualStudio.TestTools.TestTypes.Unit.UnitTestAdapter, Microsoft.VisualStudio.QualityTools.Tips.UnitTest.Adapter, Version=10.0.0.0, Culture=neutral, PublicKeyToken=b03f5f7f11d50a3a" className="Training1Tests.OperatorHelperTest, Training1Tests, Version=1.0.0.0, Culture=neutral, PublicKeyToken=null" name="SignToOperatorsTest" />
    </UnitTest>
    <UnitTest name="ToIntTest" storage="d:\spikes\training\training1\training1tests\bin\debug\training1tests.dll" id="dadc2ea9-4bfe-b3ab-36a0-89576fd1b415">
      <Execution id="6fb1d921-0e86-4964-ba53-858153b03916" />
      <TestMethod codeBase="D:/Spikes/Training/Training1/Training1Tests/bin/Debug/Training1Tests.DLL" adapterTypeName="Microsoft.VisualStudio.TestTools.TestTypes.Unit.UnitTestAdapter, Microsoft.VisualStudio.QualityTools.Tips.UnitTest.Adapter, Version=10.0.0.0, Culture=neutral, PublicKeyToken=b03f5f7f11d50a3a" className="Training1Tests.TextBoxExtensionsTest, Training1Tests, Version=1.0.0.0, Culture=neutral, PublicKeyToken=null" name="ToIntTest" />
    </UnitTest>
  </TestDefinitions>
  <TestLists>
    <TestList name="一覧に存在しない結果" id="8c84fa94-04c1-424b-9868-57a2d4851a1d" />
    <TestList name="読み込まれたすべての結果" id="19431567-8539-422a-85d7-44ee4e166bda" />
  </TestLists>
  <TestEntries>
    <TestEntry testId="581c5356-29ed-b7d4-ef75-c8bb9147f637" executionId="1f1ec5df-b54b-4171-9547-3b8313d159bf" testListId="8c84fa94-04c1-424b-9868-57a2d4851a1d" />
    <TestEntry testId="e9b044af-67de-bd9e-efff-b1ba523a9300" executionId="a6dfb622-bbd5-418d-90de-7dd65099bb1d" testListId="8c84fa94-04c1-424b-9868-57a2d4851a1d" />
    <TestEntry testId="8c41f88d-c195-a1e2-0eff-4ef1f1c2fe14" executionId="b28b3c92-4e90-4865-83f3-556f54984b02" testListId="8c84fa94-04c1-424b-9868-57a2d4851a1d" />
    <TestEntry testId="61229d65-f4f0-6f47-87f0-cdf79873e45f" executionId="03091dd2-5a73-4d93-b950-5ae508028aa8" testListId="8c84fa94-04c1-424b-9868-57a2d4851a1d" />
    <TestEntry testId="9ce93b0d-d803-f84d-24b8-30b9f851cd27" executionId="1d1259ce-e56f-427a-a6ff-0677aa78f7c2" testListId="8c84fa94-04c1-424b-9868-57a2d4851a1d" />
    <TestEntry testId="6bdf15ce-d883-4198-2f58-91b0666aa2a1" executionId="efe37016-8789-4191-9265-3ca0c07feb8e" testListId="8c84fa94-04c1-424b-9868-57a2d4851a1d" />
    <TestEntry testId="69f67da5-0371-4616-a584-4a94ff72a0fa" executionId="fd36b457-2156-423d-9014-4ce99aedc2c7" testListId="8c84fa94-04c1-424b-9868-57a2d4851a1d" />
    <TestEntry testId="dadc2ea9-4bfe-b3ab-36a0-89576fd1b415" executionId="6fb1d921-0e86-4964-ba53-858153b03916" testListId="8c84fa94-04c1-424b-9868-57a2d4851a1d" />
  </TestEntries>
  <Results>
    <UnitTestResult executionId="1f1ec5df-b54b-4171-9547-3b8313d159bf" testId="581c5356-29ed-b7d4-ef75-c8bb9147f637" testName="CalcurationTest" computerName="KYOTA-PC" duration="00:00:00.1006511" startTime="2013-02-21T11:54:43.6384400+09:00" endTime="2013-02-21T11:54:44.4964415+09:00" testType="13cdc9d9-ddb5-4fa4-a97d-d965ccfc6d4b" outcome="Passed" testListId="8c84fa94-04c1-424b-9868-57a2d4851a1d" relativeResultsDirectory="1f1ec5df-b54b-4171-9547-3b8313d159bf">
    </UnitTestResult>
    <UnitTestResult executionId="a6dfb622-bbd5-418d-90de-7dd65099bb1d" testId="e9b044af-67de-bd9e-efff-b1ba523a9300" testName="GetAllOperatorsTest" computerName="KYOTA-PC" duration="00:00:00.0005557" startTime="2013-02-21T11:54:44.5120415+09:00" endTime="2013-02-21T11:54:44.5120415+09:00" testType="13cdc9d9-ddb5-4fa4-a97d-d965ccfc6d4b" outcome="Passed" testListId="8c84fa94-04c1-424b-9868-57a2d4851a1d" relativeResultsDirectory="a6dfb622-bbd5-418d-90de-7dd65099bb1d">
    </UnitTestResult>
    <UnitTestResult executionId="b28b3c92-4e90-4865-83f3-556f54984b02" testId="8c41f88d-c195-a1e2-0eff-4ef1f1c2fe14" testName="SignToOperatorsTest" computerName="KYOTA-PC" duration="00:00:00.0015869" startTime="2013-02-21T11:54:44.5276415+09:00" endTime="2013-02-21T11:54:44.5276415+09:00" testType="13cdc9d9-ddb5-4fa4-a97d-d965ccfc6d4b" outcome="Passed" testListId="8c84fa94-04c1-424b-9868-57a2d4851a1d" relativeResultsDirectory="b28b3c92-4e90-4865-83f3-556f54984b02">
    </UnitTestResult>
    <UnitTestResult executionId="03091dd2-5a73-4d93-b950-5ae508028aa8" testId="61229d65-f4f0-6f47-87f0-cdf79873e45f" testName="ToSignTest" computerName="KYOTA-PC" duration="00:00:00.0007521" startTime="2013-02-21T11:54:44.5432415+09:00" endTime="2013-02-21T11:54:44.5432415+09:00" testType="13cdc9d9-ddb5-4fa4-a97d-d965ccfc6d4b" outcome="Passed" testListId="8c84fa94-04c1-424b-9868-57a2d4851a1d" relativeResultsDirectory="03091dd2-5a73-4d93-b950-5ae508028aa8">
    </UnitTestResult>
    <UnitTestResult executionId="1d1259ce-e56f-427a-a6ff-0677aa78f7c2" testId="9ce93b0d-d803-f84d-24b8-30b9f851cd27" testName="InitializeFormTest" computerName="KYOTA-PC" duration="00:00:00.1089582" startTime="2013-02-21T11:54:44.5588416+09:00" endTime="2013-02-21T11:54:44.6836418+09:00" testType="13cdc9d9-ddb5-4fa4-a97d-d965ccfc6d4b" outcome="Passed" testListId="8c84fa94-04c1-424b-9868-57a2d4851a1d" relativeResultsDirectory="1d1259ce-e56f-427a-a6ff-0677aa78f7c2">
    </UnitTestResult>
    <UnitTestResult executionId="efe37016-8789-4191-9265-3ca0c07feb8e" testId="6bdf15ce-d883-4198-2f58-91b0666aa2a1" testName="IsNumericTest" computerName="KYOTA-PC" duration="00:00:00.0046241" startTime="2013-02-21T11:54:44.6992418+09:00" endTime="2013-02-21T11:54:44.6992418+09:00" testType="13cdc9d9-ddb5-4fa4-a97d-d965ccfc6d4b" outcome="Passed" testListId="8c84fa94-04c1-424b-9868-57a2d4851a1d" relativeResultsDirectory="efe37016-8789-4191-9265-3ca0c07feb8e">
    </UnitTestResult>
    <UnitTestResult executionId="fd36b457-2156-423d-9014-4ce99aedc2c7" testId="69f67da5-0371-4616-a584-4a94ff72a0fa" testName="CalcTest" computerName="KYOTA-PC" duration="00:00:00.0046311" startTime="2013-02-21T11:54:44.7148418+09:00" endTime="2013-02-21T11:54:44.7304419+09:00" testType="13cdc9d9-ddb5-4fa4-a97d-d965ccfc6d4b" outcome="Passed" testListId="8c84fa94-04c1-424b-9868-57a2d4851a1d" relativeResultsDirectory="fd36b457-2156-423d-9014-4ce99aedc2c7">
    </UnitTestResult>
    <UnitTestResult executionId="6fb1d921-0e86-4964-ba53-858153b03916" testId="dadc2ea9-4bfe-b3ab-36a0-89576fd1b415" testName="ToIntTest" computerName="KYOTA-PC" duration="00:00:00.0320306" startTime="2013-02-21T11:54:44.7460419+09:00" endTime="2013-02-21T11:54:44.7772420+09:00" testType="13cdc9d9-ddb5-4fa4-a97d-d965ccfc6d4b" outcome="Passed" testListId="8c84fa94-04c1-424b-9868-57a2d4851a1d" relativeResultsDirectory="6fb1d921-0e86-4964-ba53-858153b03916">
    </UnitTestResult>
  </Results>
</TestRun>